expr @ 2:14 3:0 => ()
expr @ 5:14 6:0 => ()
expr @ 8:15 9:0 => ()
expr @ 11:9 11:12 => fn foo(...)
expr @ 11:9 11:14 => ()
expr @ 12:9 12:12 => fn foo(...)
expr @ 12:9 12:14 => ()
expr @ 13:9 13:13 => fn main(...)
expr @ 13:9 13:15 => ()
expr @ 14:5 14:9 => fn main(...)
expr @ 14:5 14:11 => ()
expr @ 20:20 21:0 => ()
expr @ 21:15 21:16 => fn coerce(...)
expr @ 21:15 21:18 => ()
expr @ 22:15 22:16 => fn coerce(...)
expr @ 22:15 22:18 => ()
expr @ 10:11 24:1 => ()



define void @root$m1$foo() {
prologue:
br label %bb.0

bb.0:
ret void

}

define void @root$m2$foo() {
prologue:
br label %bb.0

bb.0:
ret void

}

define void @root$m3$main() {
prologue:
br label %bb.0

bb.0:
ret void

}

define void @root$main$$LB$3$RB$coerce$LT$root$main$$LB$3$RB$X$GT$() {
prologue:
br label %bb.0

bb.0:
ret void

}

define void @root$main$$LB$3$RB$coerce$LT$root$main$$LB$3$RB$Y$GT$() {
prologue:
br label %bb.0

bb.0:
ret void

}

define void @main() {
prologue:
br label %bb.0

bb.0:
%l.0 = call {} bitcast(void()* @root$m1$foo to {}()*)()
br label %bb.1

bb.1:
%l.1 = call {} bitcast(void()* @root$m2$foo to {}()*)()
br label %bb.2

bb.2:
%l.2 = call {} bitcast(void()* @root$m3$main to {}()*)()
br label %bb.3

bb.3:
%l.3 = call {} bitcast(void()* @main to {}()*)()
br label %bb.4

bb.4:
%l.4 = call {} bitcast(void()* @root$main$$LB$3$RB$coerce$LT$root$main$$LB$3$RB$X$GT$ to {}()*)()
br label %bb.5

bb.5:
%l.5 = call {} bitcast(void()* @root$main$$LB$3$RB$coerce$LT$root$main$$LB$3$RB$Y$GT$ to {}()*)()
br label %bb.6

bb.6:
ret void

}


